PrintStmt: 
  NumberExpr: 1
PrintStmt: 
  NumberExpr: 2
PrintStmt: 
  BooleanExpr: true
PrintStmt: 
  BooleanExpr: false
