3
2
2.6
14
2
1
true
false
false
true
true
false
true
true
false
false
true
false
true
true
Hello, World
I am 26 years old.
