a is: 2940
b is: 3150
gcd1(a,b): 210
gcd2(a,b): 210
0
