too many bananas
nice bananas is 4
perfect amount of bananas
