1
2
true
false
Hello, World!
This	is a "string"
including some escape sequences
       World!Hello,
