monke has 42 bananas.
monke has nil bananas.
monke has 5 bananas.
9
a is 1
a is 2
3
126
